---
source: tests/anthropic_ui_snapshot_test.rs
expression: output
---
                                                                                                                                                                             
                                                                                                                                                                             
                                                                                                                                                                             
                                                                                                                                                                             
                                                                                                                                                                             
                                                                                                                                                                             
                                                                                                                                                                             
                                                                                                                                                                             
                                                                                                                                                                             
                                                                                                                                                                             
                                                                                                                                                                             
                                                                                                                                                                             
                                                                                                                                                                             
                                                                                                                                                                             
                                                                                                                                                                             
                                                                                                                                                                             
                                                                                                                                                                             
                                   ┌ Claude Pro/Max Authentication ──────────────────────────────────────────────────────────────────────┐                                   
                                   │The browser has been opened to the authorization page.                                               │                                   
                                   │                                                                                                     │                                   
                                   │1. Authorize the application in your browser                                                         │                                   
                                   │2. Copy the authorization code shown                                                                 │                                   
                                   │3. Paste it below and press Enter                                                                    │                                   
                                   │Authorization Code:                                                                                  │                                   
                                   │                                                                                                     │                                   
                                   │  invalid_code                                                                                       │                                   
                                   │Error: Invalid authorization code                                                                    │                                   
                                   │                                                                                                     │                                   
                                   │[Enter] Submit  [Esc] Cancel                                                                         │                                   
                                   │                                                                                                     │                                   
                                   │                                                                                                     │                                   
                                   │                                                                                                     │                                   
                                   │                                                                                                     │                                   
                                   │                                                                                                     │                                   
                                   │                                                                                                     │                                   
                                   │                                                                                                     │                                   
                                   │                                                                                                     │                                   
                                   │                                                                                                     │                                   
                                   │                                                                                                     │                                   
                                   │                                                                                                     │                                   
                                   │                                                                                                     │                                   
                                   │                                                                                                     │                                   
                                   │                                                                                                     │                                   
                                   │                                                                                                     │                                   
                                   │                                                                                                     │                                   
                                   └─────────────────────────────────────────────────────────────────────────────────────────────────────┘
